[www.um.edu.mt/virtcard/indexf5b7.html]
[www.um.edu.mt/media/um/images/umcrest.png]
[backblue.gif]
[fade.gif]
[index.html]
[www.um.edu.mt/media/umt4/css/bootstrap.css]
[www.um.edu.mt/media/umt4/css/owl.carousel.min.css]
[www.um.edu.mt/media/umt4/css/owl.theme.default.min.css]
[www.um.edu.mt/media/umt4/css/settings.css]
[www.um.edu.mt/media/umt4/css/layers.css]
[www.um.edu.mt/media/umt4/css/navigation.css]
[www.um.edu.mt/media/umt4/css/stylesheet.css]
[www.um.edu.mt/media/umt4/css/umcustom.css]
[www.um.edu.mt/sso/uom.js]
[www.um.edu.mt/sso/style.css]
[use.typekit.net/dki6lnm.css]
[www.um.edu.mt/media/umt4/js/jquery-3.2.0.min.js]
[www.um.edu.mt/media/umt4/js/parallax.min.js]
[www.um.edu.mt/media/umt4/js/bootstrap.min.js]
[www.um.edu.mt/media/umt4/js/owl.carousel.min.js]
[www.um.edu.mt/media/umt4/js/custom.js]
[www.um.edu.mt/media/umt4/js/um-addon.js]
[www.um.edu.mt/media/umt4/js/matchHeight.js]
[www.um.edu.mt/media/umt4/js/js.cookie.js]
[www.um.edu.mt/media/umt4/js/jquery.themepunch.revolution.min.js]
[www.um.edu.mt/media/umt4/js/jquery.themepunch.tools.min.js]
[www.um.edu.mt/media/umt4/js/revolution.extension.layeranimation.min.js]
[www.um.edu.mt/media/umt4/js/revolution.extension.navigation.min.js]
[www.um.edu.mt/media/umt4/js/revolution.extension.parallax.min.js]
[www.um.edu.mt/media/umt4/js/revolution.extension.slideanims.min.js]
[www.um.edu.mt/media/umt4/js/revolution.extension.video.min.js]
[connect.facebook.net/en_US/fbevents.js]
[www.um.edu.mt/media/umt4/fontawesome642/css/all.css]
[www.um.edu.mt/media/umt4/css/myum.css]
[www.um.edu.mt/media/um/images/seaeulogo3versions-01-01.png]
[www.um.edu.mt/media/um/images/hr.png]
[www.um.edu.mt/virtcard/indexf5b7.html]
[www.um.edu.mt/media/umt4/css/bootstrap.css]
[www.um.edu.mt/media/umt4/css/owl.carousel.min.css]
[www.um.edu.mt/media/umt4/css/owl.theme.default.min.css]
[www.um.edu.mt/media/umt4/css/settings.css]
[www.um.edu.mt/media/umt4/css/layers.css]
[www.um.edu.mt/media/umt4/css/navigation.css]
[www.um.edu.mt/media/um/images/umfacade.jpg]
[www.um.edu.mt/media/um/images/newsbg.jpg]
[www.um.edu.mt/media/umt4/css/stylesheet.css]
[www.um.edu.mt/media/umt4/css/umcustom.css]
[www.um.edu.mt/sso/uom.js]
[www.um.edu.mt/i/sides.png]
[www.um.edu.mt/i/logo.gif]
[www.um.edu.mt/sso/style.css]
[use.typekit.net/af/bdde80/00000000000000000001522d/27/l34b8]
[use.typekit.net/af/bdde80/00000000000000000001522d/27/d34b8]
[use.typekit.net/af/6c7e72/000000000000000000015232/27/l3fe8]
[use.typekit.net/af/bdde80/00000000000000000001522d/27/a34b8]
[use.typekit.net/af/6c7e72/000000000000000000015232/27/d3fe8]
[use.typekit.net/af/6c7e72/000000000000000000015232/27/a3fe8]
[use.typekit.net/af/220823/000000000000000000015231/27/l04c7]
[use.typekit.net/af/220823/000000000000000000015231/27/d04c7]
[use.typekit.net/af/220823/000000000000000000015231/27/a04c7]
[use.typekit.net/af/845de0/00000000000000000001522b/27/l00c0]
[use.typekit.net/af/845de0/00000000000000000001522b/27/d00c0]
[use.typekit.net/af/180254/00000000000000000001522c/27/l64f0]
[use.typekit.net/af/845de0/00000000000000000001522b/27/a00c0]
[use.typekit.net/af/180254/00000000000000000001522c/27/d64f0]
[use.typekit.net/af/180254/00000000000000000001522c/27/a64f0]
[use.typekit.net/af/a2df1e/00000000000000000001522a/27/l0ac7]
[use.typekit.net/af/a2df1e/00000000000000000001522a/27/d0ac7]
[use.typekit.net/dki6lnm.css]
[use.typekit.net/af/a2df1e/00000000000000000001522a/27/a0ac7]
[connect.facebook.net/en_US/fbevents.js]
[www.um.edu.mt/media/umt4/fontawesome642/css/all.css]
[www.um.edu.mt/media/umt4/css/myum.css]
[www.um.edu.mt/media/umt4/css/owl.video.play.html]
[www.um.edu.mt/media/umt4/css/openhand.html]
[www.um.edu.mt/media/umt4/css/closedhand.html]
[www.um.edu.mt/media/umt4/assets/gridtile.html]
[www.um.edu.mt/media/umt4/assets/gridtile_white.html]
[www.um.edu.mt/media/umt4/assets/gridtile_3x3.html]
[www.um.edu.mt/media/umt4/assets/gridtile_3x3_white.html]
[www.um.edu.mt/media/umt4/assets/coloredbg.html]
[www.um.edu.mt/media/umt4/assets/loader.html]
[www.um.edu.mt/_umapp/webcms.css]
[p.typekit.net/p5550.css]
[www.um.edu.mt/virtcard/a.html]
[www.um.edu.mt/virtcard/POST.html]
[www.um.edu.mt/virtcard/schema.org/index.html]
[www.um.edu.mt/virtcard/b.html]
[www.um.edu.mt/signals/iwl.html]
